{"Name":"java-ant-sample","Type":"JavaArtifact","Files":["src/main/java/com/sourcegraph/Foo.java","src/test/java/com/sourcegraph/FooTest.java"],"Dependencies":[{"artifactID":"commons-lang3","file":"lib/commons-lang3-3.1.jar","groupID":"org.apache.commons","scope":"","version":"3.1"},{"artifactID":"commons-lang3","file":"lib/commons-lang3-3.1.jar","groupID":"org.apache.commons","scope":"","version":"3.1"},{"artifactID":"junit","file":"lib/junit-4.12.jar","groupID":"junit","scope":"","version":"4.12"}],"Data":{"BuildXML":"build.xml","ClassPath":["lib/commons-lang3-3.1.jar","lib/commons-io-1.3.2.jar","build/classes","lib/junit-4.12.jar","lib/commons-lang3-3.1.jar","lib/commons-io-1.3.2.jar"],"SourcePath":[]}}
