{"Name":".","Type":"Java","Files":["src\\share\\classes\\java\\math\\BigInteger.java"],"Dir":"src","Data":{"JDK":true,"SourcePath":[[".","","src/share/classes"]]}}
