[{"Raw":null,"Target":{"ToRepoCloneURL":"hg.openjdk.java.net/jdk8/jdk8/jdk","ToUnit":".","ToUnitType":"Java","ToVersionString":null},"Error":null}]
