{"Name":"org.sonatype.mavenbook.multi/simple-parent","Type":"JavaArtifact","Files":[],"Dependencies":[{"artifactID":"junit","file":".m2-srclib/junit/junit/3.8.1/junit-3.8.1.jar","groupID":"junit","repoURI":"http://junit.cvs.sourceforge.net/junit/","scope":"test","type":"jar","version":"3.8.1"}],"Data":{"ClassPath":[".m2-srclib/junit/junit/3.8.1/junit-3.8.1.jar",".m2-srclib/jaxen/jaxen/1.1.1/jaxen-1.1.1.jar",".m2-srclib/jdom/jdom/1.0/jdom-1.0.jar",".m2-srclib/xml-apis/xml-apis/1.3.02/xml-apis-1.3.02.jar",".m2-srclib/xerces/xercesImpl/2.6.2/xercesImpl-2.6.2.jar",".m2-srclib/xom/xom/1.0/xom-1.0.jar",".m2-srclib/xerces/xmlParserAPIs/2.6.2/xmlParserAPIs-2.6.2.jar",".m2-srclib/xalan/xalan/2.6.0/xalan-2.6.0.jar",".m2-srclib/com/ibm/icu/icu4j/2.6.1/icu4j-2.6.1.jar",".m2-srclib/commons-io/commons-io/1.3.2/commons-io-1.3.2.jar",".m2-srclib/velocity/velocity/1.5/velocity-1.5.jar",".m2-srclib/commons-collections/commons-collections/3.1/commons-collections-3.1.jar",".m2-srclib/commons-lang/commons-lang/2.1/commons-lang-2.1.jar",".m2-srclib/oro/oro/2.0.8/oro-2.0.8.jar",".m2-srclib/log4j/log4j/1.2.14/log4j-1.2.14.jar",".m2-srclib/dom4j/dom4j/1.6.1/dom4j-1.6.1.jar",".m2-srclib/org/apache/geronimo/specs/geronimo-servlet_2.4_spec/1.1.1/geronimo-servlet_2.4_spec-1.1.1.jar"],"POM":{"project":{"artifactId":"simple-parent","build":{"pluginManagement":{"plugins":{"plugin":{"artifactId":"maven-compiler-plugin","configuration":{"source":1.5,"target":1.5},"groupId":"org.apache.maven.plugins"}}}},"dependencies":{"dependency":{"artifactId":"junit","groupId":"junit","scope":"test","version":"3.8.1"}},"groupId":"org.sonatype.mavenbook.multi","modelVersion":"4.0.0","modules":{"module":["simple-weather","simple-webapp"]},"name":"Multi Chapter Simple Parent Project","packaging":"pom","version":"0.0.1-SNAPSHOT","xmlns":"http://maven.apache.org/POM/4.0.0","xmlns:xsi":"http://www.w3.org/2001/XMLSchema-instance","xsi:schemaLocation":"http://maven.apache.org/POM/4.0.0 \n                             http://maven.apache.org/maven-v4_0_0.xsd"}},"POMFile":"pom.xml","SourcePath":[["org.sonatype.mavenbook.multi/simple-weather","0.0.1-SNAPSHOT","simple-weather/src/main/java"],["org.sonatype.mavenbook.multi/simple-weather","0.0.1-SNAPSHOT","simple-weather/src/test/java"],["org.sonatype.mavenbook.multi/simple-webapp","0.0.1-SNAPSHOT","simple-webapp/src/main/java"]],"SourceVersion":"1.5"}}
