{"Name":"org.srclib.srclib-java/unresolved-maven-deps","Type":"JavaArtifact","Files":["unresolved-maven-deps/src/main/java/org/srclib/java/App.java","unresolved-maven-deps/src/main/java/org/srclib/java/JDK8062359.java"],"Dir":"unresolved-maven-deps","Dependencies":[{"artifactID":"commons-csv","file":".m2-srclib/org/apache/commons/commons-csv/1.0/commons-csv-1.0.jar","groupID":"org.apache.commons","repoURI":"http://svn.apache.org/viewvc/commons/proper/csv/tags/CSV_1.0","scope":"compile","type":"jar","version":"1.0"},{"artifactID":"some-artifact-that-doesnt-exist","groupID":"some-group-that-doesnt-exist","scope":"compile","type":"jar","version":"1.2.3"}],"Data":{"ClassPath":[".m2-srclib/org/apache/commons/commons-csv/1.0/commons-csv-1.0.jar"],"POM":{"project":{"artifactId":"unresolved-maven-deps","dependencies":{"dependency":[{"artifactId":"commons-csv","groupId":"org.apache.commons","version":1},{"artifactId":"some-artifact-that-doesnt-exist","groupId":"some-group-that-doesnt-exist","version":"1.2.3"}]},"groupId":"org.srclib.srclib-java","modelVersion":"4.0.0","name":"unresolved-maven-deps","packaging":"jar","properties":{"project.build.sourceEncoding":"UTF-8"},"url":"http://maven.apache.org","version":"0.0.1-SNAPSHOT","xmlns":"http://maven.apache.org/POM/4.0.0","xmlns:xsi":"http://www.w3.org/2001/XMLSchema-instance","xsi:schemaLocation":"http://maven.apache.org/POM/4.0.0 http://maven.apache.org/xsd/maven-4.0.0.xsd"}},"POMFile":"unresolved-maven-deps/pom.xml","SourcePath":[["org.srclib.srclib-java/unresolved-maven-deps","0.0.1-SNAPSHOT","unresolved-maven-deps/src/main/java"]],"SourceVersion":"1.5"}}
