{"Name":"org.sonatype.mavenbook.multi/simple-weather","Type":"JavaArtifact","Repo":"github.com/sgtest/java-maven-multi-module-sample","Files":["simple-weather/src/main/java/org/sonatype/mavenbook/weather/Main.java","simple-weather/src/main/java/org/sonatype/mavenbook/weather/Weather.java","simple-weather/src/main/java/org/sonatype/mavenbook/weather/WeatherFormatter.java","simple-weather/src/main/java/org/sonatype/mavenbook/weather/WeatherService.java","simple-weather/src/main/java/org/sonatype/mavenbook/weather/YahooParser.java","simple-weather/src/main/java/org/sonatype/mavenbook/weather/YahooRetriever.java","simple-weather/src/test/java/org/sonatype/mavenbook/weather/yahoo/WeatherFormatterTest.java","simple-weather/src/test/java/org/sonatype/mavenbook/weather/yahoo/YahooParserTest.java"],"Dir":"./simple-weather","Dependencies":[{"artifactID":"dom4j","groupID":"dom4j","version":"1.6.1"},{"artifactID":"jaxen","groupID":"jaxen","version":"1.1.1"},{"artifactID":"log4j","groupID":"log4j","version":"1.2.14"},{"artifactID":"velocity","groupID":"velocity","version":"1.5"},{"artifactID":"commons-io","groupID":"org.apache.commons","scope":"test","version":"1.3.2"}],"Data":{"POMFile":"./simple-weather/pom.xml"}}
