[
  {
    "Raw": {
      "groupID": "com.beust",
      "artifactID": "jcommander",
      "version": "1.30",
      "scope": "default"
    },
    "Target": {
      "ToRepoCloneURL": "git@github.com:cbeust/jcommander.git",
      "ToUnit": "com.beust/jcommander",
      "ToUnitType": "JavaArtifact",
      "ToVersionString": "1.30"
    }
  },
  {
    "Raw": {
      "groupID": "com.beust",
      "artifactID": "jcommander",
      "version": "1.30",
      "scope": "compile"
    },
    "Target": {
      "ToRepoCloneURL": "git@github.com:cbeust/jcommander.git",
      "ToUnit": "com.beust/jcommander",
      "ToUnitType": "JavaArtifact",
      "ToVersionString": "1.30"
    }
  },
  {
    "Raw": {
      "groupID": "com.beust",
      "artifactID": "jcommander",
      "version": "1.30",
      "scope": "testCompile"
    },
    "Target": {
      "ToRepoCloneURL": "git@github.com:cbeust/jcommander.git",
      "ToUnit": "com.beust/jcommander",
      "ToUnitType": "JavaArtifact",
      "ToVersionString": "1.30"
    }
  },
  {
    "Raw": {
      "groupID": "com.beust",
      "artifactID": "jcommander",
      "version": "1.30",
      "scope": "testRuntime"
    },
    "Target": {
      "ToRepoCloneURL": "git@github.com:cbeust/jcommander.git",
      "ToUnit": "com.beust/jcommander",
      "ToUnitType": "JavaArtifact",
      "ToVersionString": "1.30"
    }
  },
  {
    "Raw": {
      "groupID": "com.beust",
      "artifactID": "jcommander",
      "version": "1.30",
      "scope": "runtime"
    },
    "Target": {
      "ToRepoCloneURL": "git@github.com:cbeust/jcommander.git",
      "ToUnit": "com.beust/jcommander",
      "ToUnitType": "JavaArtifact",
      "ToVersionString": "1.30"
    }
  },
  {
    "Target": {
      "ToRepoCloneURL": "hg.openjdk.java.net/jdk8/jdk8/jdk",
      "ToUnit": ".",
      "ToUnitType": "Java"
    }
  }
]