{"Name":"com.sourcegraph/java-gradle-sample","Type":"JavaArtifact","Repo":"github.com/sgtest/java-gradle-sample","Files":["src/main/java/mypkg/Container.java","src/main/java/mypkg/FooClass.java","src/main/java/mypkg/IBar.java","src/main/java/mypkg/subpkg/QuxEnum.java","src/main/java/mypkg/subpkg/ZipClass.java"],"Dir":".","Dependencies":[{"artifactID":"jcommander","groupID":"com.beust","scope":"default","version":"1.30"},{"artifactID":"jcommander","groupID":"com.beust","scope":"compile","version":"1.30"},{"artifactID":"jcommander","groupID":"com.beust","scope":"testCompile","version":"1.30"},{"artifactID":"jcommander","groupID":"com.beust","scope":"testRuntime","version":"1.30"},{"artifactID":"jcommander","groupID":"com.beust","scope":"runtime","version":"1.30"}],"Data":{"Description":"Test srclib-java for gradle support.","GradleFile":"./build.gradle"}}
