[{"Raw":{"GroupId":"com.beust","ArtifactId":"jcommander","Version":"1.30","Scope":"compile"},"Target":{"ToRepoCloneURL":"git@github.com:cbeust/jcommander.git","ToUnit":"com.beust/jcommander","ToUnitType":"JavaArtifact","ToVersionString":"1.30"},"Error":null},{"Raw":null,"Target":{"ToRepoCloneURL":"hg.openjdk.java.net/jdk8/jdk8/jdk","ToUnit":".","ToUnitType":"Java","ToVersionString":null},"Error":null}]
