{"Name":"com.sourcegraph/java-maven-sample","Type":"JavaArtifact","Files":["src/main/java/mypkg/Container.java","src/main/java/mypkg/FooClass.java","src/main/java/mypkg/IBar.java","src/main/java/mypkg/subpkg/QuxEnum.java","src/main/java/mypkg/subpkg/ZipClass.java"],"Dependencies":[{"artifactID":"commons-csv","file":".m2-srclib/org/apache/commons/commons-csv/1.0/commons-csv-1.0.jar","groupID":"org.apache.commons","repoURI":"http://svn.apache.org/viewvc/commons/proper/csv/tags/CSV_1.0","scope":"compile","type":"jar","version":"1.0"}],"Data":{"ClassPath":[".m2-srclib/org/apache/commons/commons-csv/1.0/commons-csv-1.0.jar"],"POM":{"project":{"artifactId":"java-maven-sample","build":{"plugins":{"plugin":{"artifactId":"maven-compiler-plugin","configuration":{"source":1.6,"target":1.6},"groupId":"org.apache.maven.plugins"}}},"dependencies":{"dependency":{"artifactId":"commons-csv","groupId":"org.apache.commons","version":1}},"groupId":"com.sourcegraph","modelVersion":"4.0.0","name":"java-maven-sample","packaging":"jar","url":"https://github.com/sourcegraph/java-maven-sample","version":"0.0.1-SNAPSHOT","xmlns":"http://maven.apache.org/POM/4.0.0","xmlns:xsi":"http://www.w3.org/2001/XMLSchema-instance","xsi:schemaLocation":"http://maven.apache.org/POM/4.0.0 http://maven.apache.org/maven-v4_0_0.xsd"}},"POMFile":"pom.xml","SourcePath":[["com.sourcegraph/java-maven-sample","0.0.1-SNAPSHOT","src/main/java"]],"SourceVersion":"1.6"}}
