{"Name":"org.sonatype.mavenbook.multi/simple-webapp","Type":"JavaArtifact","Repo":"github.com/sgtest/java-maven-multi-module-sample","Files":["simple-webapp/src/main/java/org/sonatype/mavenbook/web/SimpleServlet.java","simple-webapp/src/main/java/org/sonatype/mavenbook/web/WeatherServlet.java"],"Dir":"./simple-webapp","Dependencies":[{"artifactID":"simple-weather","groupID":"org.sonatype.mavenbook.multi","version":"${project.version}"},{"artifactID":"geronimo-servlet_2.4_spec","groupID":"org.apache.geronimo.specs","version":"1.1.1"}],"Data":{"POMFile":"./simple-webapp/pom.xml"}}
