{"Name":"com.sourcegraph/java-maven-sample","Type":"JavaArtifact","Repo":"github.com/sgtest/java-maven-sample","Globs":null,"Files":["src/main/java/mypkg/Container.java","src/main/java/mypkg/FooClass.java","src/main/java/mypkg/IBar.java","src/main/java/mypkg/subpkg/QuxEnum.java","src/main/java/mypkg/subpkg/ZipClass.java"],"Dir":".","Data":{"Description":null,"POMFile":"./pom.xml"},"Ops":{"depresolve":null,"graph":null}}
