[
  {
    "Raw": {
      "groupID": "org.apache.commons",
      "artifactID": "commons-csv",
      "version": "1.0"
    },
    "Target": {
      "ToRepoCloneURL": "https://github.com/apache/commons-csv",
      "ToUnit": "org.apache.commons/commons-csv",
      "ToUnitType": "JavaArtifact",
      "ToVersionString": "1.0"
    }
  },
  {
    "Raw": {
      "groupID": "some-group-that-doesnt-exist",
      "artifactID": "some-artifact-that-doesnt-exist",
      "version": "1.2.3"
    },
    "Error": "Could not download file http://central.maven.org/maven2/some-group-that-doesnt-exist/some-artifact-that-doesnt-exist/1.2.3/some-artifact-that-doesnt-exist-1.2.3.pom"
  },
  {
    "Target": {
      "ToRepoCloneURL": "hg.openjdk.java.net/jdk8/jdk8/jdk",
      "ToUnit": ".",
      "ToUnitType": "Java"
    }
  }
]