{"Name":"org.srclib.srclib-java/unresolved-maven-deps","Type":"JavaArtifact","Repo":"github.com/sgtest/java-error-tolerance","Globs":null,"Files":["unresolved-maven-deps/src/main/java/org/srclib/java/App.java","unresolved-maven-deps/src/main/java/org/srclib/java/JDK8062359.java"],"Dir":"./unresolved-maven-deps","Dependencies":[{"artifactID":"commons-csv","groupID":"org.apache.commons","version":"1.0"},{"artifactID":"some-artifact-that-doesnt-exist","groupID":"some-group-that-doesnt-exist","version":"1.2.3"}],"Data":{"POMFile":"./unresolved-maven-deps/pom.xml"},"Ops":{}}
