[
  {
    "Raw": {
      "groupID": "dom4j",
      "artifactID": "dom4j",
      "version": "1.6.1"
    },
    "Target": {
      "ToRepoCloneURL": "http://cvs.sourceforge.net/cgi-bin/viewcvs.cgi/dom4j/dom4j/",
      "ToUnit": "dom4j/dom4j",
      "ToUnitType": "JavaArtifact",
      "ToVersionString": "1.6.1"
    }
  },
  {
    "Raw": {
      "groupID": "jaxen",
      "artifactID": "jaxen",
      "version": "1.1.1"
    },
    "Target": {
      "ToRepoCloneURL": "http://cvs.jaxen.codehaus.org",
      "ToUnit": "jaxen/jaxen",
      "ToUnitType": "JavaArtifact",
      "ToVersionString": "1.1.1"
    }
  },
  {
    "Raw": {
      "groupID": "log4j",
      "artifactID": "log4j",
      "version": "1.2.14"
    },
    "Target": {
      "ToRepoCloneURL": "http://svn.apache.org/viewcvs.cgi/logging/log4j/tags/v1_2_14/",
      "ToUnit": "log4j/log4j",
      "ToUnitType": "JavaArtifact",
      "ToVersionString": "1.2.14"
    }
  },
  {
    "Raw": {
      "groupID": "velocity",
      "artifactID": "velocity",
      "version": "1.5"
    },
    "Target": {
      "ToRepoCloneURL": "http://svn.apache.org/viewvc/velocity/engine/tags/Velocity_1.5",
      "ToUnit": "velocity/velocity",
      "ToUnitType": "JavaArtifact",
      "ToVersionString": "1.5"
    }
  },
  {
    "Raw": {
      "groupID": "org.apache.commons",
      "artifactID": "commons-io",
      "version": "1.3.2",
      "scope": "test"
    },
    "Error": "commons-io does not have an associated SCM repository."
  },
  {
    "Target": {
      "ToRepoCloneURL": "hg.openjdk.java.net/jdk8/jdk8/jdk",
      "ToUnit": ".",
      "ToUnitType": "Java"
    }
  }
]